// Jest Snapshot v1, https://goo.gl/fbAQLP

exports[`should test Footer component 1`] = `
<div>
  <Connect(Link)
    visibilityFilter="SHOW_ALL"
  >
    Show All
  </Connect(Link)>
  <Connect(Link)
    visibilityFilter="SHOW_ACTIVE"
  >
    Active
  </Connect(Link)>
  <Connect(Link)
    visibilityFilter="SHOW_COMPLETED"
  >
    Completed
  </Connect(Link)>
</div>
`;
